

Booting Linux on physical CPU 0x0
Initializing cgroup subsys cpuset
Initializing cgroup subsys cpu
Initializing cgroup subsys cpuacct
Linux version 4.1.15-00023-gd55d28b (zhangpan@developer-RH2485-V2) (gcc version 5.3.0 (GCC) ) #1 SMP PREEMPT Mon Apr 25 13:30:26 CST 2022
CPU: ARMv7 Processor [410fc075] revision 5 (ARMv7), cr=10c53c7d
CPU: PIPT / VIPT nonaliasing data cache, VIPT aliasing instruction cache
Machine model: Freescale i.MX6 UltraLite 14x14 EVK Board
Reserved memory: failed to allocate memory for node 'linux,cma'
cma: Reserved 96 MiB at 0x8a000000
Memory policy: Data cache writealloc
On node 0 totalpages: 61440
free_area_init_node: node 0, pgdat 80e51f40, node_mem_map 89d87000
  Normal zone: 576 pages used for memmap
  Normal zone: 0 pages reserved
  Normal zone: 61440 pages, LIFO batch:15
PERCPU: Embedded 12 pages/cpu @89d61000 s17356 r8192 d23604 u49152
pcpu-alloc: s17356 r8192 d23604 u49152 alloc=12*4096
pcpu-alloc: [0] 0
Built 1 zonelists in Zone order, mobility grouping on.  Total pages: 60864
Kernel command line: console=ttymxc0,115200 cma=96M root=/dev/mtdblock5 rw rootfstype=yaffs2, calibrate=y
PID hash table entries: 1024 (order: 0, 4096 bytes)
Dentry cache hash table entries: 32768 (order: 5, 131072 bytes)
Inode-cache hash table entries: 16384 (order: 4, 65536 bytes)
Memory: 129404K/245760K available (10155K kernel code, 516K rwdata, 3504K rodata, 456K init, 471K bss, 18052K reserved, 98304K cma-reserved, 0K highmem)
Virtual kernel memory layout:
    vector  : 0xffff0000 - 0xffff1000   (   4 kB)
    fixmap  : 0xffc00000 - 0xfff00000   (3072 kB)
    vmalloc : 0x90800000 - 0xff000000   (1768 MB)
    lowmem  : 0x80000000 - 0x90000000   ( 256 MB)
    pkmap   : 0x7fe00000 - 0x80000000   (   2 MB)
    modules : 0x7f000000 - 0x7fe00000   (  14 MB)
      .text : 0x80008000 - 0x80d5f044   (13661 kB)
      .init : 0x80d60000 - 0x80dd2000   ( 456 kB)
      .data : 0x80dd2000 - 0x80e53140   ( 517 kB)
       .bss : 0x80e56000 - 0x80ecbe08   ( 472 kB)
SLUB: HWalign=64, Order=0-3, MinObjects=0, CPUs=1, Nodes=1
Preemptible hierarchical RCU implementation.
        Additional per-CPU info printed with stalls.
        RCU restricting CPUs from NR_CPUS=4 to nr_cpu_ids=1.
RCU: Adjusting geometry for rcu_fanout_leaf=16, nr_cpu_ids=1
NR_IRQS:16 nr_irqs:16 16
mxc_clocksource_init 3000000
Switching to timer-based delay loop, resolution 333ns
sched_clock: 32 bits at 3000kHz, resolution 333ns, wraps every 715827882841ns
clocksource mxc_timer1: mask: 0xffffffff max_cycles: 0xffffffff, max_idle_ns: 637086815595 ns
Console: colour dummy device 80x30
Calibrating delay loop (skipped), value calculated using timer frequency.. 6.00 BogoMIPS (lpj=30000)
pid_max: default: 32768 minimum: 301
Mount-cache hash table entries: 1024 (order: 0, 4096 bytes)
Mountpoint-cache hash table entries: 1024 (order: 0, 4096 bytes)
Initializing cgroup subsys blkio
Initializing cgroup subsys memory
Initializing cgroup subsys devices
Initializing cgroup subsys freezer
Initializing cgroup subsys net_cls
Initializing cgroup subsys perf_event
Initializing cgroup subsys net_prio
CPU: Testing write buffer coherency: ok
/cpus/cpu@0 missing clock-frequency property
CPU0: thread -1, cpu 0, socket 0, mpidr 80000000
Setting up static identity map for 0x80008280 - 0x800082d8
Brought up 1 CPUs
SMP: Total of 1 processors activated (6.00 BogoMIPS).
CPU: All CPU(s) started in SVC mode.
devtmpfs: initialized
VFP support v0.3: implementor 41 architecture 2 part 30 variant 7 rev 5
clocksource jiffies: mask: 0xffffffff max_cycles: 0xffffffff, max_idle_ns: 19112604462750000 ns
xor: measuring software checksum speed
   arm4regs  :   502.800 MB/sec
   8regs     :   347.600 MB/sec
   32regs    :   347.200 MB/sec
xor: using function: arm4regs (502.800 MB/sec)
pinctrl core: initialized pinctrl subsystem
NET: Registered protocol family 16
DMA: preallocated 256 KiB pool for atomic coherent allocations
cpuidle: using governor ladder
cpuidle: using governor menu
hw-breakpoint: found 5 (+1 reserved) breakpoint and 4 watchpoint registers.
hw-breakpoint: maximum watchpoint size is 8 bytes.
imx6ul-pinctrl 20e0000.iomuxc: initialized IMX pinctrl driver
raid6: int32x1  gen()    60 MB/s
raid6: int32x1  xor()    45 MB/s
raid6: int32x2  gen()    78 MB/s
raid6: int32x2  xor()    48 MB/s
raid6: int32x4  gen()    74 MB/s
raid6: int32x4  xor()    50 MB/s
raid6: int32x8  gen()    73 MB/s
raid6: int32x8  xor()    47 MB/s
raid6: using algorithm int32x2 gen() 78 MB/s
raid6: .... xor() 48 MB/s, rmw enabled
raid6: using intx1 recovery algorithm
mxs-dma 1804000.dma-apbh: initialized
SCSI subsystem initialized
libata version 3.00 loaded.
usbcore: registered new interface driver usbfs
usbcore: registered new interface driver hub
usbcore: registered new device driver usb
i2c i2c-0: IMX I2C adapter registered
i2c i2c-0: can't use DMA
Linux video capture interface: v2.00
pps_core: LinuxPPS API ver. 1 registered
pps_core: Software ver. 5.3.6 - Copyright 2005-2007 Rodolfo Giometti <giometti@linux.it>
PTP clock support registered
MIPI CSI2 driver module loaded
Advanced Linux Sound Architecture Driver Initialized.
Bluetooth: Core ver 2.20
NET: Registered protocol family 31
Bluetooth: HCI device and connection manager initialized
Bluetooth: HCI socket layer initialized
Bluetooth: L2CAP socket layer initialized
Bluetooth: SCO socket layer initialized
Switched to clocksource mxc_timer1
NET: Registered protocol family 2
TCP established hash table entries: 2048 (order: 1, 8192 bytes)
TCP bind hash table entries: 2048 (order: 2, 16384 bytes)
TCP: Hash tables configured (established 2048 bind 2048)
UDP hash table entries: 256 (order: 1, 8192 bytes)
UDP-Lite hash table entries: 256 (order: 1, 8192 bytes)
NET: Registered protocol family 1
RPC: Registered named UNIX socket transport module.
RPC: Registered udp transport module.
RPC: Registered tcp transport module.
RPC: Registered tcp NFSv4.1 backchannel transport module.
imx rpmsg driver is registered.
Bus freq driver module loaded
futex hash table entries: 256 (order: 2, 16384 bytes)
VFS: Disk quotas dquot_6.6.0
VFS: Dquot-cache hash table entries: 1024 (order 0, 4096 bytes)
NFS: Registering the id_resolver key type
Key type id_resolver registered
Key type id_legacy registered
jffs2: version 2.2. (NAND) Â© 2001-2006 Red Hat, Inc.
fuse init (API version 7.23)
yaffs: yaffs Installing.
io scheduler noop registered
io scheduler deadline registered
io scheduler cfq registered (default)
imx-weim 21b8000.weim: Driver registered.
backlight supply power not found, using dummy regulator
MIPI DSI driver module loaded
MIPI DSI driver module loaded
21c8000.lcdif supply lcd not found, using dummy regulator
mxsfb 21c8000.lcdif: failed to find mxc display driver
mxsfb 21c8000.lcdif: initialized
imx-sdma 20ec000.sdma: no event needs to be remapped
imx-sdma 20ec000.sdma: loaded firmware 3.3
imx-sdma 20ec000.sdma: initialized
has none gpio
2020000.serial: ttymxc0 at MMIO 0x2020000 (irq = 20, base_baud = 5000000) is a IMX
console [ttymxc0] enabled
imx sema4 driver is registered.
[drm] Initialized drm 1.1.0 20060810
[drm] Initialized vivante 1.0.0 20120216 on minor 0
brd: module loaded
loop: module loaded
nand: device found, Manufacturer ID: 0x2c, Chip ID: 0xda
nand: Micron MT29F2G08ABAEAWP
nand: 256 MiB, SLC, erase size: 128 KiB, page size: 2048, OOB size: 64
gpmi-nand 1806000.gpmi-nand: use legacy bch geometry
gpmi-nand 1806000.gpmi-nand: enable the asynchronous EDO mode 5
Bad block table found at page 131008, version 0x01
Bad block table found at page 130944, version 0x01
6 ofpart partitions found on MTD device gpmi-nand
Creating 6 MTD partitions on "gpmi-nand":
0x000000000000-0x000000400000 : "boot"
0x000000400000-0x000000600000 : "logo"
0x000000600000-0x000000700000 : "ENV"
0x000000700000-0x000000a00000 : "DTB"
0x000000a00000-0x000001200000 : "kernel"
0x000001200000-0x000010000000 : "rootfs"
gpmi-nand 1806000.gpmi-nand: driver registered.
CAN device driver interface
2188000.ethernet supply phy not found, using dummy regulator
pps pps0: new PPS source ptp0
libphy: fec_enet_mii_bus: probed
fec 2188000.ethernet eth0: registered PHC device 0
PPP generic driver version 2.4.2
PPP BSD Compression module registered
PPP Deflate Compression module registered
PPP MPPE Compression module registered
NET: Registered protocol family 24
usbcore: registered new interface driver asix
usbcore: registered new interface driver cdc_ether
usbcore: registered new interface driver cdc_eem
usbcore: registered new interface driver cdc_subset
usbcore: registered new interface driver cdc_ncm
GobiNet: Quectel_WCDMA&LTE_Linux&Android_GobiNet_Driver_V1.3.0
usbcore: registered new interface driver GobiNet
ehci_hcd: USB 2.0 'Enhanced' Host Controller (EHCI) Driver
ehci-mxc: Freescale On-Chip EHCI Host driver
usbcore: registered new interface driver usb-storage
usbcore: registered new interface driver usbserial
usbcore: registered new interface driver ftdi_sio
usbserial: USB Serial support registered for FTDI USB Serial Device
usbcore: registered new interface driver option
usbserial: USB Serial support registered for GSM modem (1-port)
usbcore: registered new interface driver pl2303
usbserial: USB Serial support registered for pl2303
usbcore: registered new interface driver cdc_xr_usb_serial
xr_usb_serial_common: Exar USB UART (serial port) driver
usbcore: registered new interface driver qcserial
usbserial: USB Serial support registered for Qualcomm USB modem
usbcore: registered new interface driver usb_ehset_test
2184800.usbmisc supply vbus-wakeup not found, using dummy regulator
2184200.usb supply vbus not found, using dummy regulator
ci_hdrc ci_hdrc.1: EHCI Host Controller
ci_hdrc ci_hdrc.1: new USB bus registered, assigned bus number 1
ci_hdrc ci_hdrc.1: USB 2.0 started, EHCI 1.00
hub 1-0:1.0: USB hub found
hub 1-0:1.0: 1 port detected
mousedev: PS/2 mouse device common for all mice
> GTP driver installing...
> GTP Driver Version: V2.4<2014/11/28>
> GTP Driver Built@05:30:03, Apr 25 2022
> GTP I2C Address: 0x5d
0-005d supply vdd_ana not found, using dummy regulator
0-005d supply vcc_i2c not found, using dummy regulator
> Guitar reset
> I2C Write: 0x8041, 1 bytes failed, errcode: -5!
> I2C Read: 0x8047, 1 bytes failed, errcode: -5! Process reset.
> Guitar reset
> I2C Write: 0x8041, 1 bytes failed, errcode: -5!
> GTP i2c test failed time 1.
> I2C Read: 0x8047, 1 bytes failed, errcode: -5! Process reset.
> Guitar reset
> I2C Write: 0x8041, 1 bytes failed, errcode: -5!
> GTP i2c test failed time 2.
> I2C Read: 0x8047, 1 bytes failed, errcode: -5! Process reset.
> Guitar reset
> I2C Write: 0x8041, 1 bytes failed, errcode: -5!
> GTP i2c test failed time 3.
> I2C Read: 0x8047, 1 bytes failed, errcode: -5! Process reset.
> Guitar reset
> I2C Write: 0x8041, 1 bytes failed, errcode: -5!
> GTP i2c test failed time 4.
> I2C Read: 0x8047, 1 bytes failed, errcode: -5! Process reset.
> Guitar reset
> I2C Write: 0x8041, 1 bytes failed, errcode: -5!
> GTP i2c test failed time 5.
> I2C communication ERROR!
goodix-ts: probe of 0-005d failed with error -5
edt_ft5x06 0-0038: touchscreen probe failed
edt_ft5x06: probe of 0-0038 failed with error -5
input: iMX6UL TouchScreen Controller as /devices/platform/soc/2000000.aips-bus/2040000.tsc/input/input1
usbcore: registered new interface driver usbtouchscreen
rtc-pcf8563 0-0051: chip found, driver version 0.4.3
rtc-pcf8563 0-0051: pcf8563_write_block_data: err=-5 addr=0e, data=03
rtc-pcf8563 0-0051: pcf8563_probe: write error
rtc-pcf8563: probe of 0-0051 failed with error -5
rtc-rx8010 0-0032: Update timer was detected
rtc-rx8010 0-0032: rtc core: registered rx8010 as rtc0
rtc-rx8010 0-0032: rx8010-irq_1 missing or invalid
rtc-rx8010 0-0032: rx8010-irq_2 missing or invalid
snvs_rtc 20cc000.snvs:snvs-rtc-lp: rtc core: registered 20cc000.snvs:snvs-r as rtc1
i2c /dev entries driver
IR NEC protocol handler initialized
IR RC5(x/sz) protocol handler initialized
IR RC6 protocol handler initialized
IR JVC protocol handler initialized
IR Sony protocol handler initialized
IR SANYO protocol handler initialized
IR Sharp protocol handler initialized
IR MCE Keyboard/mouse protocol handler initialized
IR XMP protocol handler initialized
pxp-v4l2 pxp_v4l2: initialized
usbcore: registered new interface driver uvcvideo
USB Video Class driver (1.1.1)
imx2-wdt 20bc000.wdog: use WDOG_B to reboot.
imx2-wdt 20bc000.wdog: timeout 60 sec (nowayout=0)
device-mapper: ioctl: 4.31.0-ioctl (2015-3-12) initialised: dm-devel@redhat.com
rtk_btcoex: rtk_btcoex_init: version: 1.2
rtk_btcoex: create workqueue
rtk_btcoex: alloc buffers 1408, 2240 for ev and l2
usbcore: registered new interface driver rtk_btusb
usbcore: registered new interface driver ath3k
sdhci: Secure Digital Host Controller Interface driver
sdhci: Copyright(c) Pierre Ossman
sdhci-pltfm: SDHCI platform and OF driver helper
/soc/aips-bus@02100000/usdhc@02190000: voltage-ranges unspecified
sdhci-esdhc-imx 2190000.usdhc: Got CD GPIO
sdhci-esdhc-imx 2190000.usdhc: No vqmmc regulator found
mmc0: SDHCI controller on 2190000.usdhc [2190000.usdhc] using ADMA
caam 2140000.caam: Entropy delay = 3200
caam 2140000.caam: Instantiated RNG4 SH0
caam 2140000.caam: Instantiated RNG4 SH1
caam 2140000.caam: device ID = 0x0a16030000000000 (Era -524)
caam 2140000.caam: job rings = 3, qi = 0
caam algorithms registered in /proc/crypto
caam_jr 2141000.jr0: registering rng-caam
platform caam_sm: blkkey_ex: 8 keystore units available
platform caam_sm: 64-bit clear key:
platform caam_sm: [0000] 00 01 02 03 04 0f 06 07
platform caam_sm: 64-bit black key:
platform caam_sm: [0000] 69 0c 9c b7 96 5d 32 6b
platform caam_sm: [0008] 66 18 62 32 48 50 99 d7
platform caam_sm: 128-bit clear key:
platform caam_sm: [0000] 00 01 02 03 04 0f 06 07
platform caam_sm: [0008] 08 09 0a 0b 0c 0d 0e 0f
platform caam_sm: 128-bit black key:
platform caam_sm: [0000] 39 d7 24 56 78 51 1b 09
platform caam_sm: [0008] 8d 47 ad 9f 60 af 7d 44
platform caam_sm: 192-bit clear key:
platform caam_sm: [0000] 00 01 02 03 04 0f 06 07
platform caam_sm: [0008] 08 09 0a 0b 0c 0d 0e 0f
platform caam_sm: [0016] 10 11 12 13 14 15 16 17
platform caam_sm: 192-bit black key:
platform caam_sm: [0000] b7 92 95 99 e1 3c 05 3a
platform caam_sm: [0008] 6b 11 2a c7 3e 53 43 bb
platform caam_sm: [0016] 1a f5 e8 d5 ce fd 90 d1
platform caam_sm: [0024] 58 5e de bf 66 8f 46 32
platform caam_sm: 256-bit clear key:
platform caam_sm: [0000] 00 01 02 03 04 0f 06 07
platform caam_sm: [0008] 08 09 0a 0b 0c 0d 0e 0f
platform caam_sm: [0016] 10 11 12 13 14 15 16 17
platform caam_sm: [0024] 18 19 1a 1b 1c 1d 1e 1f
platform caam_sm: 256-bit black key:
platform caam_sm: [0000] e9 7b 6f 33 00 44 99 a4
platform caam_sm: [0008] e1 95 aa 79 bf 71 75 4d
platform caam_sm: [0016] b1 0a 68 3e f2 fe d7 6f
platform caam_sm: [0024] c7 2b e4 75 58 c9 db 53
platform caam_sm: 64-bit unwritten blob:
platform caam_sm: [0000] 00 00 00 00 00 00 00 00
platform caam_sm: [0008] 00 00 00 00 00 00 00 00
platform caam_sm: [0016] 00 00 00 00 00 00 00 00
platform caam_sm: [0024] 00 00 00 00 00 00 00 00
platform caam_sm: [0032] 00 00 00 00 00 00 00 00
platform caam_sm: [0040] 00 00 00 00 00 00 00 00
platform caam_sm: [0048] 00 00 00 00 00 00 00 00
platform caam_sm: [0056] 00 00 00 00 00 00 00 00
platform caam_sm: [0064] 00 00 00 00 00 00 00 00
platform caam_sm: [0072] 00 00 00 00 00 00 00 00
platform caam_sm: [0080] 00 00 00 00 00 00 00 00
platform caam_sm: [0088] 00 00 00 00 00 00 00 00
platform caam_sm: 128-bit unwritten blob:
platform caam_sm: [0000] 00 00 00 00 00 00 00 00
platform caam_sm: [0008] 00 00 00 00 00 00 00 00
platform caam_sm: [0016] 00 00 00 00 00 00 00 00
platform caam_sm: [0024] 00 00 00 00 00 00 00 00
platform caam_sm: [0032] 00 00 00 00 00 00 00 00
platform caam_sm: [0040] 00 00 00 00 00 00 00 00
platform caam_sm: [0048] 00 00 00 00 00 00 00 00
platform caam_sm: [0056] 00 00 00 00 00 00 00 00
platform caam_sm: [0064] 00 00 00 00 00 00 00 00
platform caam_sm: [0072] 00 00 00 00 00 00 00 00
platform caam_sm: [0080] 00 00 00 00 00 00 00 00
platform caam_sm: [0088] 00 00 00 00 00 00 00 00
platform caam_sm: 196-bit unwritten blob:
platform caam_sm: [0000] 00 00 00 00 00 00 00 00
platform caam_sm: [0008] 00 00 00 00 00 00 00 00
platform caam_sm: [0016] 00 00 00 00 00 00 00 00
platform caam_sm: [0024] 00 00 00 00 00 00 00 00
platform caam_sm: [0032] 00 00 00 00 00 00 00 00
platform caam_sm: [0040] 00 00 00 00 00 00 00 00
platform caam_sm: [0048] 00 00 00 00 00 00 00 00
platform caam_sm: [0056] 00 00 00 00 00 00 00 00
platform caam_sm: [0064] 00 00 00 00 00 00 00 00
platform caam_sm: [0072] 00 00 00 00 00 00 00 00
platform caam_sm: [0080] 00 00 00 00 00 00 00 00
platform caam_sm: [0088] 00 00 00 00 00 00 00 00
platform caam_sm: 256-bit unwritten blob:
platform caam_sm: [0000] 00 00 00 00 00 00 00 00
platform caam_sm: [0008] 00 00 00 00 00 00 00 00
platform caam_sm: [0016] 00 00 00 00 00 00 00 00
platform caam_sm: [0024] 00 00 00 00 00 00 00 00
platform caam_sm: [0032] 00 00 00 00 00 00 00 00
platform caam_sm: [0040] 00 00 00 00 00 00 00 00
platform caam_sm: [0048] 00 00 00 00 00 00 00 00
platform caam_sm: [0056] 00 00 00 00 00 00 00 00
platform caam_sm: [0064] 00 00 00 00 00 00 00 00
platform caam_sm: [0072] 00 00 00 00 00 00 00 00
platform caam_sm: [0080] 00 00 00 00 00 00 00 00
platform caam_sm: [0088] 00 00 00 00 00 00 00 00
platform caam_sm: 64-bit black key in blob:
platform caam_sm: [0000] 75 95 9a fd 7e ce 6a 6f
platform caam_sm: [0008] 05 0f 01 2d 2a c1 64 7b
platform caam_sm: [0016] 4f 94 09 e2 63 f7 83 f4
platform caam_sm: [0024] f1 37 65 3a 0c 57 f3 20
platform caam_sm: [0032] 3a fd 33 a1 d5 c0 8e 1d
platform caam_sm: [0040] fb 9e 72 d8 0c 22 a7 a8
platform caam_sm: [0048] 85 d1 0a be 22 af 0a 84
platform caam_sm: [0056] 00 00 00 00 00 00 00 00
platform caam_sm: [0064] 00 00 00 00 00 00 00 00
platform caam_sm: [0072] 00 00 00 00 00 00 00 00
platform caam_sm: [0080] 00 00 00 00 00 00 00 00
platform caam_sm: [0088] 00 00 00 00 00 00 00 00
platform caam_sm: 128-bit black key in blob:
platform caam_sm: [0000] b8 02 7a b2 69 2a e0 e4
platform caam_sm: [0008] 18 9e 53 73 a1 b2 31 34
platform caam_sm: [0016] 34 ef ba f1 7b c3 ba 75
platform caam_sm: [0024] b2 08 e0 a2 8f bf 2d 26
platform caam_sm: [0032] ee 92 37 1a 5f ea 1d cd
platform caam_sm: [0040] 6a b6 bc c0 a4 0e c8 80
platform caam_sm: [0048] fd ac cd 50 d7 17 54 7c
platform caam_sm: [0056] 00 53 6c e8 f2 ec 4d 81
platform caam_sm: [0064] 00 00 00 00 00 00 00 00
platform caam_sm: [0072] 00 00 00 00 00 00 00 00
platform caam_sm: [0080] 00 00 00 00 00 00 00 00
platform caam_sm: [0088] 00 00 00 00 00 00 00 00
platform caam_sm: 192-bit black key in blob:
platform caam_sm: [0000] 86 d4 7e 67 cc 08 47 74
platform caam_sm: [0008] 38 90 6e 08 66 37 7c e4
platform caam_sm: [0016] 86 af 49 bf 89 b6 55 72
platform caam_sm: [0024] f4 98 48 5f ff b4 21 b1
platform caam_sm: [0032] de 87 9a 18 f2 51 fb 9d
platform caam_sm: [0040] 0c 55 d5 fb 42 d1 97 bc
platform caam_sm: [0048] ab 52 24 1f af 14 ea 28
platform caam_sm: [0056] 84 e3 26 f0 b9 73 c2 65
platform caam_sm: [0064] d6 e8 fe 28 bb 83 98 75
platform caam_sm: [0072] 00 00 00 00 00 00 00 00
platform caam_sm: [0080] 00 00 00 00 00 00 00 00
platform caam_sm: [0088] 00 00 00 00 00 00 00 00
platform caam_sm: 256-bit black key in blob:
platform caam_sm: [0000] a1 98 f5 01 84 49 5a ad
platform caam_sm: [0008] 6a 8c 32 60 8a 5a ba e4
platform caam_sm: [0016] 11 7a 4d de 9d 1c 61 94
platform caam_sm: [0024] 4c fa 54 80 0e b6 03 96
platform caam_sm: [0032] 13 a5 7a 35 ef a3 33 56
platform caam_sm: [0040] 98 24 43 ec 73 a0 be 57
platform caam_sm: [0048] 84 73 b9 03 f3 46 b7 f8
platform caam_sm: [0056] 62 3e 62 78 80 f7 09 e3
platform caam_sm: [0064] 8e d4 82 e7 f2 7e c4 60
platform caam_sm: [0072] b8 6a b7 48 0e f4 b8 61
platform caam_sm: [0080] 00 00 00 00 00 00 00 00
platform caam_sm: [0088] 00 00 00 00 00 00 00 00
platform caam_sm: restored 64-bit black key:
platform caam_sm: [0000] af a4 13 a8 ca 45 24 4e
platform caam_sm: [0008] d7 12 75 10 fb 9e 6b eb
platform caam_sm: restored 128-bit black key:
platform caam_sm: [0000] 39 d7 24 56 78 51 1b 09
platform caam_sm: [0008] 8d 47 ad 9f 60 af 7d 44
platform caam_sm: restored 192-bit black key:
platform caam_sm: [0000] b7 92 95 99 e1 3c 05 3a
platform caam_sm: [0008] 6b 11 2a c7 3e 53 43 bb
platform caam_sm: [0016] 83 9e 8c 73 4e 2a be 31
platform caam_sm: [0024] ba 56 d6 f8 40 7c 21 b7
platform caam_sm: restored 256-bit black key:
platform caam_sm: [0000] e9 7b 6f 33 00 44 99 a4
platform caam_sm: [0008] e1 95 aa 79 bf 71 75 4d
platform caam_sm: [0016] b1 0a 68 3e f2 fe d7 6f
platform caam_sm: [0024] c7 2b e4 75 58 c9 db 53
snvs-secvio 20cc000.caam-snvs: can't get snvs clock
snvs-secvio 20cc000.caam-snvs: violation handlers armed - non-secure state
usbcore: registered new interface driver usbhid
usbhid: USB HID core driver
fsl-asrc 2034000.asrc: driver registered
NET: Registered protocol family 26
Netfilter messages via NETLINK v0.30.
nf_conntrack version 0.5.0 (3557 buckets, 14228 max)
ctnetlink v0.93: registering with nfnetlink.
xt_time: kernel timezone is -0000
IPVS: Registered protocols (TCP, UDP)
IPVS: Connection hash table configured (size=4096, memory=32Kbytes)
IPVS: Creating netns size=1136 id=0
IPVS: ipvs loaded.
IPVS: [rr] scheduler registered.
ip_tables: (C) 2000-2006 Netfilter Core Team
arp_tables: (C) 2002 David S. Miller
Initializing XFRM netlink socket
NET: Registered protocol family 10
sit: IPv6 over IPv4 tunneling driver
NET: Registered protocol family 17
NET: Registered protocol family 15
bridge: automatic filtering via arp/ip/ip6tables has been deprecated. Update your scripts to load br_netfilter if you need this.
can: controller area network core (rev 20120528 abi 9)
NET: Registered protocol family 29
can: raw protocol (rev 20120528)
can: broadcast manager protocol (rev 20120528 t)
can: netlink gateway (rev 20130117) max_hops=1
Bluetooth: RFCOMM TTY layer initialized
Bluetooth: RFCOMM socket layer initialized
Bluetooth: RFCOMM ver 1.11
Bluetooth: BNEP (Ethernet Emulation) ver 1.3
Bluetooth: BNEP filters: protocol multicast
Bluetooth: BNEP socket layer initialized
Bluetooth: HIDP (Human Interface Emulation) ver 1.2
Bluetooth: HIDP socket layer initialized
8021q: 802.1Q VLAN Support v1.8
Key type dns_resolver registered
Btrfs loaded
dhd_module_init in
rtc-rx8010 0-0032: setting system clock to 2019-04-26 21:44:20 UTC (1556315060)
gpio_dvfs: disabling
vref-3v3: disabling
usb_otg1_vbus: disabling
VSD_3V3: disabling
ALSA device list:
  No soundcards found.
yaffs: dev is 32505861 name is "mtdblock5" rw
yaffs: passed flags ""
yaffs: from forlinx "b74d0a"
yaffs: yaffs: Attempting MTD mount of 31.5,"mtdblock5"
random: nonblocking pool is initialized
yaffs: block 1901 is bad
yaffs: block 1902 is bad
yaffs: block 1903 is bad
yaffs: block 1904 is bad
yaffs: 1310 blocks to be sorted...
yaffs: yaffs_read_super: is_checkpointed 0
VFS: Mounted root (yaffs2 filesystem) on device 31:5.
devtmpfs: mounted
Freeing unused kernel memory: 456K (80d60000 - 80dd2000)
udevd[172]: starting version 3.1.5
fec 2188000.ethernet eth0: Freescale FEC PHY driver [Micrel KSZ8081 or KSZ8091] (mii_bus:phy_addr=2188000.ethernet:01, irq=-1)
IPv6: ADDRCONF(NETDEV_UP): eth0: link is not ready
fec 2188000.ethernet eth0: Link is Up - 100Mbps/Full - flow control rx/tx
IPv6: ADDRCONF(NETDEV_CHANGE): eth0: link becomes ready
nf_conntrack: automatic helper assignment is deprecated and it will be removed soon. Use the iptables CT target to attach helpers instead.
